
> deepcounsel@3.1.0 build C:\Users\chidz\Documents\GitHub\ai-chatbot
> tsx lib/db/migrate && next build

{
  severity_local: 'NOTICE',
  severity: 'NOTICE',
  code: '42P06',
  message: 'schema "drizzle" already exists, skipping',
  file: 'schemacmds.c',
  line: '132',
  routine: 'CreateSchemaCommand'
}
{
  severity_local: 'NOTICE',
  severity: 'NOTICE',
  code: '42P07',
  message: 'relation "__drizzle_migrations" already exists, skipping',
  file: 'parse_utilcmd.c',
  line: '207',
  routine: 'transformCreateStmt'
}
   Γû▓ Next.js 15.3.0-canary.31
   - Environments: .env.local, .env
   - Experiments (use with caution):
     Γ£ô ppr

   Creating an optimized production build ...
 Γ£ô Compiled successfully
   Linting and checking validity of types ...
node.exe : Failed to compile.
At C:\Users\chidz\AppData\Roaming\npm\pnpm.ps1:24 char:5
+     & "node$exe"  "$basedir/node_modules/pnpm/bin/pnpm.cjs" $args
+     ~~~~~~~~~~~~~~~~~~~~~~~~~~~~~~~~~~~~~~~~~~~~~~~~~~~~~~~~~~~~~
    + CategoryInfo          : NotSpecified: (Failed to compile.:String) [], Remote 
   Exception
    + FullyQualifiedErrorId : NativeCommandError
 

./mastra/workflows/advanced-search-workflow.ts:62:9
Type error: Property 'includeRawContent' is missing in type '{ query: string; 
maxResults: number; includeDomains: string[]; timeRange: "year"; country: string; 
jurisdiction: string; }' but required in type '{ query: string; maxResults: 
number; jurisdiction: string; includeRawContent: boolean; includeDomains?: 
string[] | undefined; country?: string | undefined; timeRange?: "day" | "week" | 
"month" | "year" | undefined; }'.

[0m [90m 60 |[39m       [90m// Execute advanced search with Zimbabwe-specific 
configuration[39m[0m
[0m [90m 61 |[39m       [36mconst[39m searchResults [33m=[39m 
[36mawait[39m tavilySearchAdvancedTool[33m.[39mexecute({[0m
[0m[31m[1m>[22m[39m[90m 62 |[39m         context[33m:[39m {[0m
[0m [90m    |[39m         [31m[1m^[22m[39m[0m
[0m [90m 63 |[39m           query[33m:[39m [32m`${query} 
${jurisdiction}`[39m[33m,[39m[0m
[0m [90m 64 |[39m           maxResults[33m:[39m [35m7[39m[33m,[39m[0m
[0m [90m 65 |[39m           includeDomains[33m:[39m 
getZimbabweLegalDomains()[33m,[39m[0m
Next.js build worker exited with code: 1 and signal: null
ΓÇëELIFECYCLEΓÇë Command failed with exit code 1.
